


ARM Macro Assembler    Page 1 


    1 00000000         ;;; Tinh tong chan le < N
    2 00000000         ;;AREA RESET, DATA, READONLY
    3 00000000         ;;DCD 0x20000000
    4 00000000         ;;DCD Start
    5 00000000         
    6 00000000         ;;AREA MAINSOURCE, CODE, READONLY
    7 00000000         ;;ENTRY
    8 00000000         
    9 00000000         ;;SoLuongPhanTu EQU 5
   10 00000000         
   11 00000000         ;;Start
   12 00000000         ;;MOV R1, #0 ; Tong chan
   13 00000000         ;;MOV R2, #0 ; Tong le 
   14 00000000         ;;MOV R3, #0 ; Chay i -> n cua chan 
   15 00000000         ;;MOV R4, #1 ; Chay i -> n cua le
   16 00000000         
   17 00000000         ;;TongSoChan 
   18 00000000         ;;ADD R1, R3
   19 00000000         ;;ADD R3, #2
   20 00000000         ;;CMP R3, SoLuongPhanTu
   21 00000000         ;;BLS TongSoChan
   22 00000000         
   23 00000000         ;;TongSoLe
   24 00000000         ;;ADD R2, R4
   25 00000000         ;;ADD R4, #2
   26 00000000         ;;CMP R4, SoLuongPhanTu
   27 00000000         ;;BLS TongSoLe
   28 00000000         
   29 00000000         ;;Stop B Stop
   30 00000000         
   31 00000000         ;;END
                       
Command Line: --debug --xref --cpu=Cortex-M3 --apcs=interwork --depend=.\bai02.
d -o.\bai02.o -IC:\Keil\ARM\RV31\INC -IC:\Keil\ARM\CMSIS\Include -IC:\Keil\ARM\
Inc\ST\STM32F10x --list=.\bai02.lst Bai02.s
330 symbols in table
