<html>
<body>
<pre>
<h1>µVision Build Log</h1>
<h2>Project:</h2>
E:\Hoc-hanh\AsmProject\OnThi\OnThi.uvproj
Project File Date:  11/05/2020

<h2>Output:</h2>
Build target 'Target 1'
assembling TongSoNguyenTo.s...
TongSoNguyenTo.s(13): warning: A1488W: PROC/FUNC at line 10 in 'TongSoNguyenTo.s' without matching ENDP/ENDFUNC
linking...
.\OnThi.sct(8): warning: L6314W: No section matches pattern *(InRoot$$Sections).
Program Size: Code=4 RO-data=8 RW-data=0 ZI-data=0  
".\OnThi.axf" - 0 Errors, 2 Warning(s).
Build target 'Target 1'
assembling TongSoNguyenTo.s...
TongSoNguyenTo.s(80): warning: A1865W: '#' not seen before constant expression
TongSoNguyenTo.s(84): warning: A1865W: '#' not seen before constant expression
linking...
.\OnThi.sct(8): warning: L6314W: No section matches pattern *(InRoot$$Sections).
Program Size: Code=92 RO-data=48 RW-data=0 ZI-data=0  
".\OnThi.axf" - 0 Errors, 3 Warning(s).
