ARM Linker, 5.03 [Build 76] [MDK-ARM Standard]

==============================================================================

Section Cross References

    lab02_02.o(RESET) refers to lab02_02.o(MAINSOURCE) for MAIN
    lab02_02.o(MAINSOURCE) refers to lab02_02.o(RESET) for SoPhanTu


==============================================================================

Image Symbol Table

    Local Symbols

    Symbol Name                              Value     Ov Type        Size  Object(Section)

    Bai01.s                                  0x00000000   Number         0  bai01.o ABSOLUTE
    Bai02.s                                  0x00000000   Number         0  bai02.o ABSOLUTE
    Bai03.s                                  0x00000000   Number         0  bai03.o ABSOLUTE
    Bai04.s                                  0x00000000   Number         0  bai04.o ABSOLUTE
    Bai07.s                                  0x00000000   Number         0  bai07.o ABSOLUTE
    Bai08.s                                  0x00000000   Number         0  bai08.o ABSOLUTE
    Lab02_01.s                               0x00000000   Number         0  lab02_01.o ABSOLUTE
    Lab02_02.s                               0x00000000   Number         0  lab02_02.o ABSOLUTE
    Lab03_01.s                               0x00000000   Number         0  lab03_01.o ABSOLUTE
    Lab03_02.s                               0x00000000   Number         0  lab03_02.o ABSOLUTE
    RESET                                    0x08000000   Section       32  lab02_02.o(RESET)
    Chuoi                                    0x08000008   Data          20  lab02_02.o(RESET)
    SoPhanTu                                 0x0800001c   Data           4  lab02_02.o(RESET)
    MAINSOURCE                               0x08000020   Section       52  lab02_02.o(MAINSOURCE)
    MAIN                                     0x08000021   Thumb Code     0  lab02_02.o(MAINSOURCE)

    Global Symbols

    Symbol Name                              Value     Ov Type        Size  Object(Section)

    BuildAttributes$$THM_ISAv4$P$D$K$B$S$PE$A:L22UL41UL21$X:L11$S22US41US21$IEEE1$IW$USESV6$~STKCKD$USESV7$~SHL$OSPACE$EBA8$STANDARDLIB$PRES8$EABIv2 0x00000000   Number         0  anon$$obj.o ABSOLUTE



==============================================================================

Memory Map of the image

  Image Entry point : 0x08000021

  Load Region LR_IROM1 (Base: 0x08000000, Size: 0x00000054, Max: 0x00020000, ABSOLUTE)

    Execution Region ER_IROM1 (Base: 0x08000000, Size: 0x00000054, Max: 0x00020000, ABSOLUTE)

    Base Addr    Size         Type   Attr      Idx    E Section Name        Object

    0x08000000   0x00000020   Data   RO            1    RESET               lab02_02.o
    0x08000020   0x00000034   Code   RO            2  * MAINSOURCE          lab02_02.o


    Execution Region RW_IRAM1 (Base: 0x20000000, Size: 0x00000000, Max: 0x00004000, ABSOLUTE)

    **** No section assigned to this execution region ****


==============================================================================

Image component sizes


      Code (inc. data)   RO Data    RW Data    ZI Data      Debug   Object Name

        52          6         32          0          0        208   lab02_02.o

    ----------------------------------------------------------------------
        52          6         32          0          0        208   Object Totals
         0          0          0          0          0          0   (incl. Generated)
         0          0          0          0          0          0   (incl. Padding)

    ----------------------------------------------------------------------
         0          0          0          0          0          0   Library Totals
         0          0          0          0          0          0   (incl. Padding)

    ----------------------------------------------------------------------

==============================================================================


      Code (inc. data)   RO Data    RW Data    ZI Data      Debug   

        52          6         32          0          0        208   Grand Totals
        52          6         32          0          0        208   ELF Image Totals
        52          6         32          0          0          0   ROM Totals

==============================================================================

    Total RO  Size (Code + RO Data)                   84 (   0.08kB)
    Total RW  Size (RW Data + ZI Data)                 0 (   0.00kB)
    Total ROM Size (Code + RO Data + RW Data)         84 (   0.08kB)

==============================================================================

