ARM Linker, 5.03 [Build 76] [MDK-ARM Standard]

==============================================================================

Section Cross References

    tongsonguyento.o(RESET) refers to tongsonguyento.o(MAINSOURCE) for START
    tongsonguyento.o(MAINSOURCE) refers to tongsonguyento.o(RESET) for TONGSOPTU


==============================================================================

Image Symbol Table

    Local Symbols

    Symbol Name                              Value     Ov Type        Size  Object(Section)

    TongSoNguyenTo.s                         0x00000000   Number         0  tongsonguyento.o ABSOLUTE
    RESET                                    0x08000000   Section       48  tongsonguyento.o(RESET)
    MATRAN                                   0x08000008   Data           0  tongsonguyento.o(RESET)
    TONGSOPTU                                0x0800002c   Data           4  tongsonguyento.o(RESET)
    MAINSOURCE                               0x08000030   Section       96  tongsonguyento.o(MAINSOURCE)
    START                                    0x08000031   Thumb Code     0  tongsonguyento.o(MAINSOURCE)
    KIEMTRASONGUYENTO                        0x0800005b   Thumb Code    46  tongsonguyento.o(MAINSOURCE)

    Global Symbols

    Symbol Name                              Value     Ov Type        Size  Object(Section)

    BuildAttributes$$THM_ISAv4$P$D$K$B$S$PE$A:L22UL41UL21$X:L11$S22US41US21$IEEE1$IW$USESV6$~STKCKD$USESV7$~SHL$OSPACE$EBA8$STANDARDLIB$PRES8$EABIv2 0x00000000   Number         0  anon$$obj.o ABSOLUTE



==============================================================================

Memory Map of the image

  Image Entry point : 0x08000031

  Load Region LR_IROM1 (Base: 0x08000000, Size: 0x00000090, Max: 0x00020000, ABSOLUTE)

    Execution Region ER_IROM1 (Base: 0x08000000, Size: 0x00000090, Max: 0x00020000, ABSOLUTE)

    Base Addr    Size         Type   Attr      Idx    E Section Name        Object

    0x08000000   0x00000030   Data   RO            1    RESET               tongsonguyento.o
    0x08000030   0x00000060   Code   RO            2  * MAINSOURCE          tongsonguyento.o


    Execution Region RW_IRAM1 (Base: 0x20000000, Size: 0x00000000, Max: 0x00004000, ABSOLUTE)

    **** No section assigned to this execution region ****


==============================================================================

Image component sizes


      Code (inc. data)   RO Data    RW Data    ZI Data      Debug   Object Name

        96          6         48          0          0        360   tongsonguyento.o

    ----------------------------------------------------------------------
        96          6         48          0          0        360   Object Totals
         0          0          0          0          0          0   (incl. Generated)
         0          0          0          0          0          0   (incl. Padding)

    ----------------------------------------------------------------------
         0          0          0          0          0          0   Library Totals
         0          0          0          0          0          0   (incl. Padding)

    ----------------------------------------------------------------------

==============================================================================


      Code (inc. data)   RO Data    RW Data    ZI Data      Debug   

        96          6         48          0          0        360   Grand Totals
        96          6         48          0          0        360   ELF Image Totals
        96          6         48          0          0          0   ROM Totals

==============================================================================

    Total RO  Size (Code + RO Data)                  144 (   0.14kB)
    Total RW  Size (RW Data + ZI Data)                 0 (   0.00kB)
    Total ROM Size (Code + RO Data + RW Data)        144 (   0.14kB)

==============================================================================

